// Jest Snapshot v1, https://goo.gl/fbAQLP

exports[`Center-snapshot 1`] = `
<Center>
  <Center__Container>
    <main
      className="Center__Container-sc-rjeqkd-0 ekYtfj"
    >
      <Center__CenterDiv>
        <div
          className="Center__CenterDiv-sc-rjeqkd-1 gxxXam"
        />
      </Center__CenterDiv>
    </main>
  </Center__Container>
</Center>
`;
