// Jest Snapshot v1, https://goo.gl/fbAQLP

exports[`IllustCards 1`] = `
<div
  class="IllustCards__Root-sc-vtqqs7-0 dyMOrJ"
>
  <div
    class="IllustCard__Root-sc-jkzekw-0 ekLuRd"
  >
    <div
      class="IllustCard__Background-sc-jkzekw-1 iVTORx"
    >
      <p
        class="MuiTypography-root MuiTypography-body1"
      >
        シフトを一覧で表示
      </p>
    </div>
    <div
      class="IllustCard__Background-sc-jkzekw-1 imLytu"
    >
      <span
        style="box-sizing:border-box;display:inline-block;overflow:hidden;width:initial;height:initial;background:none;opacity:1;border:0;margin:0;padding:0;position:relative;max-width:100%"
      >
        <span
          style="box-sizing:border-box;display:block;width:initial;height:initial;background:none;opacity:1;border:0;margin:0;padding:0;max-width:100%"
        >
          <img
            alt=""
            aria-hidden="true"
            src="data:image/svg+xml;base64,PHN2ZyB3aWR0aD0iMjIwIiBoZWlnaHQ9IjIyMCIgeG1sbnM9Imh0dHA6Ly93d3cudzMub3JnLzIwMDAvc3ZnIiB2ZXJzaW9uPSIxLjEiLz4="
            style="display:block;max-width:100%;width:initial;height:initial;background:none;opacity:1;border:0;margin:0;padding:0"
          />
        </span>
        <img
          data-nimg="intrinsic"
          decoding="async"
          src="data:image/gif;base64,R0lGODlhAQABAIAAAAAAAP///yH5BAEAAAAALAAAAAABAAEAAAIBRAA7"
          style="position:absolute;top:0;left:0;bottom:0;right:0;box-sizing:border-box;padding:0;border:none;margin:auto;display:block;width:0;height:0;min-width:100%;max-width:100%;min-height:100%;max-height:100%"
        />
        <noscript>
          &lt;img srcSet="/_next/image?url=%2Fimages%2Fstoryset%2Fschedule.svg&amp;w=256&amp;q=75 1x, /_next/image?url=%2Fimages%2Fstoryset%2Fschedule.svg&amp;w=640&amp;q=75 2x" src="/_next/image?url=%2Fimages%2Fstoryset%2Fschedule.svg&amp;w=640&amp;q=75" decoding="async" data-nimg="intrinsic" style="position:absolute;top:0;left:0;bottom:0;right:0;box-sizing:border-box;padding:0;border:none;margin:auto;display:block;width:0;height:0;min-width:100%;max-width:100%;min-height:100%;max-height:100%" loading="lazy"/&gt;
        </noscript>
      </span>
    </div>
  </div>
  <div
    class="IllustCard__Root-sc-jkzekw-0 ekLuRd"
  >
    <div
      class="IllustCard__Background-sc-jkzekw-1 imLytu"
    >
      <span
        style="box-sizing:border-box;display:inline-block;overflow:hidden;width:initial;height:initial;background:none;opacity:1;border:0;margin:0;padding:0;position:relative;max-width:100%"
      >
        <span
          style="box-sizing:border-box;display:block;width:initial;height:initial;background:none;opacity:1;border:0;margin:0;padding:0;max-width:100%"
        >
          <img
            alt=""
            aria-hidden="true"
            src="data:image/svg+xml;base64,PHN2ZyB3aWR0aD0iMTcwIiBoZWlnaHQ9IjE3MCIgeG1sbnM9Imh0dHA6Ly93d3cudzMub3JnLzIwMDAvc3ZnIiB2ZXJzaW9uPSIxLjEiLz4="
            style="display:block;max-width:100%;width:initial;height:initial;background:none;opacity:1;border:0;margin:0;padding:0"
          />
        </span>
        <img
          data-nimg="intrinsic"
          decoding="async"
          src="data:image/gif;base64,R0lGODlhAQABAIAAAAAAAP///yH5BAEAAAAALAAAAAABAAEAAAIBRAA7"
          style="position:absolute;top:0;left:0;bottom:0;right:0;box-sizing:border-box;padding:0;border:none;margin:auto;display:block;width:0;height:0;min-width:100%;max-width:100%;min-height:100%;max-height:100%"
        />
        <noscript>
          &lt;img srcSet="/_next/image?url=%2Fimages%2Fstoryset%2Fcheff.svg&amp;w=256&amp;q=75 1x, /_next/image?url=%2Fimages%2Fstoryset%2Fcheff.svg&amp;w=384&amp;q=75 2x" src="/_next/image?url=%2Fimages%2Fstoryset%2Fcheff.svg&amp;w=384&amp;q=75" decoding="async" data-nimg="intrinsic" style="position:absolute;top:0;left:0;bottom:0;right:0;box-sizing:border-box;padding:0;border:none;margin:auto;display:block;width:0;height:0;min-width:100%;max-width:100%;min-height:100%;max-height:100%" loading="lazy"/&gt;
        </noscript>
      </span>
    </div>
    <div
      class="IllustCard__Background-sc-jkzekw-1 iVTORx"
    >
      <p
        class="MuiTypography-root MuiTypography-body1"
      >
        美味しいごはん
      </p>
    </div>
  </div>
  <div
    class="IllustCard__Root-sc-jkzekw-0 ekLuRd"
  >
    <div
      class="IllustCard__Background-sc-jkzekw-1 iVTORx"
    >
      <p
        class="MuiTypography-root MuiTypography-body1"
      >
        スマホで登録
      </p>
    </div>
    <div
      class="IllustCard__Background-sc-jkzekw-1 imLytu"
    >
      <span
        style="box-sizing:border-box;display:inline-block;overflow:hidden;width:initial;height:initial;background:none;opacity:1;border:0;margin:0;padding:0;position:relative;max-width:100%"
      >
        <span
          style="box-sizing:border-box;display:block;width:initial;height:initial;background:none;opacity:1;border:0;margin:0;padding:0;max-width:100%"
        >
          <img
            alt=""
            aria-hidden="true"
            src="data:image/svg+xml;base64,PHN2ZyB3aWR0aD0iMTcwIiBoZWlnaHQ9IjE3MCIgeG1sbnM9Imh0dHA6Ly93d3cudzMub3JnLzIwMDAvc3ZnIiB2ZXJzaW9uPSIxLjEiLz4="
            style="display:block;max-width:100%;width:initial;height:initial;background:none;opacity:1;border:0;margin:0;padding:0"
          />
        </span>
        <img
          data-nimg="intrinsic"
          decoding="async"
          src="data:image/gif;base64,R0lGODlhAQABAIAAAAAAAP///yH5BAEAAAAALAAAAAABAAEAAAIBRAA7"
          style="position:absolute;top:0;left:0;bottom:0;right:0;box-sizing:border-box;padding:0;border:none;margin:auto;display:block;width:0;height:0;min-width:100%;max-width:100%;min-height:100%;max-height:100%"
        />
        <noscript>
          &lt;img srcSet="/_next/image?url=%2Fimages%2Fstoryset%2Fmobile.svg&amp;w=256&amp;q=75 1x, /_next/image?url=%2Fimages%2Fstoryset%2Fmobile.svg&amp;w=384&amp;q=75 2x" src="/_next/image?url=%2Fimages%2Fstoryset%2Fmobile.svg&amp;w=384&amp;q=75" decoding="async" data-nimg="intrinsic" style="position:absolute;top:0;left:0;bottom:0;right:0;box-sizing:border-box;padding:0;border:none;margin:auto;display:block;width:0;height:0;min-width:100%;max-width:100%;min-height:100%;max-height:100%" loading="lazy"/&gt;
        </noscript>
      </span>
    </div>
  </div>
</div>
`;
