// Jest Snapshot v1, https://goo.gl/fbAQLP

exports[`HeroHeader 1`] = `
<div
  className="MuiBox-root MuiBox-root-1 HeroHeader__Root-sc-12aeg85-1 eOfjJO"
>
  <div
    className="Center__CenterDiv-sc-rjeqkd-0 RSocn"
  >
    <img
      alt="Picture of the author"
      height={200}
      src="/images/mainIcon.png"
      width={200}
    />
  </div>
  <div
    className="HeroHeader__ButtonWrapper-sc-12aeg85-0 kHBWbi"
  >
    <div
      className="Center__CenterDiv-sc-rjeqkd-0 RSocn"
    >
      <button
        className="MuiButtonBase-root MuiButton-root MuiButton-contained MuiButton-containedPrimary"
        disabled={false}
        onBlur={[Function]}
        onDragLeave={[Function]}
        onFocus={[Function]}
        onKeyDown={[Function]}
        onKeyUp={[Function]}
        onMouseDown={[Function]}
        onMouseLeave={[Function]}
        onMouseUp={[Function]}
        onTouchEnd={[Function]}
        onTouchMove={[Function]}
        onTouchStart={[Function]}
        tabIndex={0}
        type="button"
      >
        <span
          className="MuiButton-label"
        >
          ログインしてはじめる
        </span>
      </button>
    </div>
  </div>
</div>
`;
