// Jest Snapshot v1, https://goo.gl/fbAQLP

exports[`HeroHeader 1`] = `
<div
  className="MuiBox-root MuiBox-root-1 HeroHeader__BackGround-sc-12aeg85-3 kIFFBp"
>
  <img
    alt="Picture of the author"
    height={250}
    src="/images/storyset/time.svg"
    width={250}
  />
  <div>
    <h6
      className="MuiTypography-root HeroHeader__CatchCopy-sc-12aeg85-1 kvNxwU MuiTypography-subtitle1"
    >
      共有できる無料のシフト管理
    </h6>
    <div
      className="HeroHeader__LoginButtonWrapper-sc-12aeg85-2 laPosn"
    >
      <button
        className="MuiButtonBase-root MuiButton-root MuiButton-contained MuiButton-containedPrimary"
        disabled={false}
        onBlur={[Function]}
        onDragLeave={[Function]}
        onFocus={[Function]}
        onKeyDown={[Function]}
        onKeyUp={[Function]}
        onMouseDown={[Function]}
        onMouseLeave={[Function]}
        onMouseUp={[Function]}
        onTouchEnd={[Function]}
        onTouchMove={[Function]}
        onTouchStart={[Function]}
        tabIndex={0}
        type="button"
      >
        <span
          className="MuiButton-label"
        >
          ログインしてはじめる
        </span>
      </button>
    </div>
  </div>
</div>
`;
